// Vitest Snapshot v1, https://vitest.dev/guide/snapshot.html

exports[`type: linear > method: pushData 1`] = `
{
  "filters": [
    {
      "conditions": [
        {
          "operator": "equal",
          "property": "text",
          "value": "1",
        },
      ],
      "logicalOperator": "and",
    },
  ],
  "logicalOperator": "and",
}
`;
